[13:01:16] [ServerMain/INFO]: [bootstrap] Running Java 25 (OpenJDK 64-Bit Server VM 25.0.1+8-LTS; Microsoft Microsoft-12574222) on Linux 6.8.0-1030-azure (amd64)
[13:01:16] [ServerMain/INFO]: [bootstrap] Loading Paper 1.21.5-114-ver/1.21.5@a1b3058 (2025-06-18T10:59:02Z) for Minecraft 1.21.5
[13:01:16] [ServerMain/INFO]: [PluginInitializerManager] Initializing plugins...
[13:01:17] [Paper Plugin Remapper Thread - 2/INFO]: [PluginRemapper] Remapping plugin 'plugins/playit-minecraft-plugin.jar'...
[13:01:19] [Paper Plugin Remapper Thread - 2/INFO]: [PluginRemapper] Done remapping plugin 'plugins/playit-minecraft-plugin.jar' in 2543ms.
[13:01:19] [ServerMain/INFO]: [PluginInitializerManager] Initialized 1 plugin
[13:01:19] [ServerMain/INFO]: [PluginInitializerManager] Bukkit plugins (1):
 - playit-gg (0.1.4)
[13:01:26] [ServerMain/INFO]: Environment: Environment[sessionHost=https://sessionserver.mojang.com, servicesHost=https://api.minecraftservices.com, name=PROD]
[13:01:26] [ServerMain/INFO]: Found new data pack file/bukkit, loading it automatically
[13:01:26] [ServerMain/INFO]: Found new data pack paper, loading it automatically
[13:01:28] [ServerMain/INFO]: No existing world data, creating new world
[13:01:29] [ServerMain/INFO]: Loaded 1373 recipes
[13:01:29] [ServerMain/INFO]: Loaded 1484 advancements
[13:01:29] [Server thread/INFO]: Starting minecraft server version 1.21.5
[13:01:29] [Server thread/INFO]: Loading properties
[13:01:29] [Server thread/INFO]: This server is running Paper version 1.21.5-114-ver/1.21.5@a1b3058 (2025-06-18T10:59:02Z) (Implementing API version 1.21.5-R0.1-SNAPSHOT)
[13:01:30] [Server thread/INFO]: [spark] This server bundles the spark profiler. For more information please visit https://docs.papermc.io/paper/profiling
[13:01:30] [Server thread/INFO]: Server Ping Player Sample Count: 12
[13:01:30] [Server thread/INFO]: Using 4 threads for Netty based IO
[13:01:31] [Server thread/INFO]: [MoonriseCommon] Paper is using 1 worker threads, 1 I/O threads
[13:01:31] [Server thread/INFO]: [ChunkTaskScheduler] Chunk system is using population gen parallelism: true
[13:01:31] [Server thread/INFO]: Default game type: SURVIVAL
[13:01:31] [Server thread/INFO]: Generating keypair
[13:01:31] [Server thread/INFO]: Starting Minecraft server on *:25565
[13:01:32] [Server thread/INFO]: Using epoll channel type
[13:01:32] [Server thread/INFO]: Paper: Using libdeflate (Linux x86_64) compression from Velocity.
[13:01:32] [Server thread/INFO]: Paper: Using OpenSSL 3.x.x (Linux x86_64) cipher from Velocity.
[13:01:32] [Server thread/INFO]: [playit-gg] Loading server plugin playit-gg v0.1.4
[13:01:32] [Server thread/INFO]: Preparing level "world"
[13:01:49] [Server thread/INFO]: Preparing start region for dimension minecraft:overworld
[13:01:49] [Server thread/INFO]: Preparing spawn area: 0%
[13:01:50] [Server thread/INFO]: Preparing spawn area: 2%
[13:01:50] [Server thread/INFO]: Preparing spawn area: 2%
[13:01:51] [Server thread/INFO]: Preparing spawn area: 2%
[13:01:51] [Server thread/INFO]: Preparing spawn area: 2%
[13:01:52] [Server thread/INFO]: Preparing spawn area: 2%
[13:01:52] [Server thread/INFO]: Preparing spawn area: 6%
[13:01:53] [Server thread/INFO]: Preparing spawn area: 16%
[13:01:53] [Server thread/INFO]: Preparing spawn area: 18%
[13:01:54] [Server thread/INFO]: Preparing spawn area: 18%
[13:01:54] [Server thread/INFO]: Preparing spawn area: 18%
[13:01:55] [Server thread/INFO]: Preparing spawn area: 18%
[13:01:55] [Server thread/INFO]: Preparing spawn area: 30%
[13:01:56] [Server thread/INFO]: Preparing spawn area: 51%
[13:01:56] [Server thread/INFO]: Preparing spawn area: 51%
[13:01:57] [Server thread/INFO]: Preparing spawn area: 51%
[13:01:57] [Server thread/INFO]: Preparing spawn area: 51%
[13:01:58] [Server thread/INFO]: Preparing spawn area: 75%
[13:01:58] [Server thread/INFO]: Preparing spawn area: 75%
[13:01:59] [Server thread/INFO]: Time elapsed: 9209 ms
[13:01:59] [Server thread/INFO]: Preparing start region for dimension minecraft:the_nether
[13:01:59] [Server thread/INFO]: Preparing spawn area: 2%
[13:01:59] [Server thread/INFO]: Preparing spawn area: 2%
[13:02:00] [Server thread/INFO]: Preparing spawn area: 18%
[13:02:00] [Server thread/INFO]: Preparing spawn area: 28%
[13:02:01] [Server thread/INFO]: Preparing spawn area: 51%
[13:02:01] [Server thread/INFO]: Time elapsed: 2453 ms
[13:02:01] [Server thread/INFO]: Preparing start region for dimension minecraft:the_end
[13:02:01] [Server thread/INFO]: Preparing spawn area: 2%
[13:02:02] [Server thread/INFO]: Preparing spawn area: 22%
[13:02:02] [Server thread/INFO]: Time elapsed: 786 ms
[13:02:02] [Server thread/INFO]: [playit-gg] Enabling playit-gg v0.1.4
[13:02:02] [Server thread/INFO]: [spark] Starting background profiler...
[13:02:03] [Server thread/INFO]: Done preparing level "world" (31.281s)
[13:02:03] [Server thread/INFO]: Running delayed init tasks
[13:02:03] [Server thread/INFO]: Done (48.335s)! For help, type "help"
[13:02:03] [Server thread/INFO]: *************************************************************************************
[13:02:03] [Server thread/INFO]: This is the first time you're starting this server.
[13:02:03] [Server thread/INFO]: It's recommended you read our 'Getting Started' documentation for guidance.
[13:02:03] [Server thread/INFO]: View this and more helpful information here: https://docs.papermc.io/paper/next-steps
[13:02:03] [Server thread/INFO]: *************************************************************************************
[13:02:05] [Thread-5/INFO]: [gg.playit.minecraft.PlayitKeysSetup] secret key not set, generate claim code: 51da7b922fbbe33e
[13:02:05] [Thread-5/INFO]: [gg.playit.minecraft.PlayitKeysSetup] trying to exchange claim code for secret
[13:02:06] [Thread-5/INFO]: [gg.playit.minecraft.PlayitKeysSetup] failed to exchange, to claim visit: https://playit.gg/mc/51da7b922fbbe33e
[13:02:09] [Thread-5/INFO]: [gg.playit.minecraft.PlayitKeysSetup] trying to exchange claim code for secret
[13:02:09] [Thread-5/INFO]: [gg.playit.minecraft.PlayitKeysSetup] failed to exchange, to claim visit: https://playit.gg/mc/51da7b922fbbe33e
[13:02:12] [Thread-5/INFO]: [gg.playit.minecraft.PlayitKeysSetup] trying to exchange claim code for secret
[13:02:12] [Thread-5/INFO]: [gg.playit.minecraft.PlayitKeysSetup] failed to exchange, to claim visit: https://playit.gg/mc/51da7b922fbbe33e
[13:02:15] [Thread-5/INFO]: [gg.playit.minecraft.PlayitKeysSetup] trying to exchange claim code for secret
[13:02:16] [Thread-5/INFO]: [gg.playit.minecraft.PlayitKeysSetup] failed to exchange, to claim visit: https://playit.gg/mc/51da7b922fbbe33e
[13:02:19] [Thread-5/INFO]: [gg.playit.minecraft.PlayitKeysSetup] trying to exchange claim code for secret
[13:02:19] [Thread-5/INFO]: [gg.playit.minecraft.PlayitKeysSetup] failed to exchange, to claim visit: https://playit.gg/mc/51da7b922fbbe33e
[13:02:22] [Thread-5/INFO]: [gg.playit.minecraft.PlayitKeysSetup] trying to exchange claim code for secret
[13:02:22] [Thread-5/INFO]: [gg.playit.minecraft.PlayitKeysSetup] failed to exchange, to claim visit: https://playit.gg/mc/51da7b922fbbe33e
[13:02:25] [Thread-5/INFO]: [gg.playit.minecraft.PlayitKeysSetup] trying to exchange claim code for secret
[13:02:25] [Thread-5/INFO]: [gg.playit.minecraft.PlayitKeysSetup] failed to exchange, to claim visit: https://playit.gg/mc/51da7b922fbbe33e
[13:02:28] [Thread-5/INFO]: [gg.playit.minecraft.PlayitKeysSetup] trying to exchange claim code for secret
[13:02:29] [Thread-5/INFO]: [gg.playit.minecraft.PlayitKeysSetup] failed to exchange, to claim visit: https://playit.gg/mc/51da7b922fbbe33e
[13:02:32] [Thread-5/INFO]: [gg.playit.minecraft.PlayitKeysSetup] trying to exchange claim code for secret
[13:02:32] [Thread-5/INFO]: [gg.playit.minecraft.PlayitKeysSetup] failed to exchange, to claim visit: https://playit.gg/mc/51da7b922fbbe33e
[13:02:35] [Thread-5/INFO]: [gg.playit.minecraft.PlayitKeysSetup] trying to exchange claim code for secret
[13:02:35] [Thread-5/INFO]: [gg.playit.minecraft.PlayitKeysSetup] failed to exchange, to claim visit: https://playit.gg/mc/51da7b922fbbe33e
